# [STEP] [U] [R] [X1] [Y1] [Z1] [X2] [Y2] [Z2]

1000000  0.025703  5.550698  -1.898145  8.410580  -9.820470  1.519369  10.796721  -6.154794
1000000  0.025703  5.550698  -1.898145  8.410580  -9.820470  1.519369  10.796721  -6.154794
1000010  0.717057  5.767779  -2.173195  8.253691  -9.710439  1.538270  10.820774  -6.118449
1000020  2.049352  5.952698  -2.476058  8.148883  -9.558110  1.545148  10.826622  -6.080435
1000030  0.007528  5.472562  -2.079561  8.394121  -9.349591  1.546470  10.814945  -6.041956
